// Jest Snapshot v1, https://goo.gl/fbAQLP

exports[`<NotFoundPage /> tests should render and match the snapshot 1`] = `
<h1>
  This is the NotFoundPage container!
</h1>
`;
