// Jest Snapshot v1, https://goo.gl/fbAQLP

exports[`<SongCard/> tests should render and match the snapshot 1`] = `
<body>
  <div>
    <div
      class="ant-card ant-card-bordered SongCard__Container-sc-163fh4j-0 rEpnk"
      data-testid="song-card"
    >
      <div
        class="ant-card-body"
      >
        <div
          class="SongCard__HeaderFooter-sc-163fh4j-6 bBcspZ"
        >
          <img
            class="SongCard__StyledImage-sc-163fh4j-7 egedQz"
            src="https://www.google.com/url?sa=i&url=https%3A%2F%2Fdribbble.com%2Fshots%2F14395014-Music-Logo&psig=AOvVaw3I_T0J8_ZRKW_g4VF_KmKz&ust=1630933127025000&source=images&cd=vfe&ved=2ahUKEwiT5uO-8efyAhWVHLcAHVSbCvQQjRx6BAgAEAk"
          />
          <a
            href="/details/1234"
          >
            <p
              class="T__StyledText-gjlic1-0 kYcyRq SongCard__StyledT-sc-163fh4j-3 gjIxDk"
              data-testid="t"
            >
              Track
            </p>
          </a>

        </div>
        <div
          class="ant-typography SongCard__StyledParagraph-sc-163fh4j-5 ctnAOd"
          data-testid="para-test"
          shortdescription="Song Description"
        >
          Song Description
        </div>
        <div
          class="SongCard__IconsContainer-sc-163fh4j-1 fJrksM"
        >
          <button
            class="ant-btn ant-btn-ghost SongCard__ControlButton-sc-163fh4j-2 dcxDWV"
            data-testid="play-btn"
            type="button"
          >
            <span
              aria-label="play-circle"
              class="anticon anticon-play-circle"
              role="img"
              style="font-size: 18px;"
            >
              <svg
                aria-hidden="true"
                data-icon="play-circle"
                fill="currentColor"
                focusable="false"
                height="1em"
                viewBox="64 64 896 896"
                width="1em"
              >
                <path
                  d="M512 64C264.6 64 64 264.6 64 512s200.6 448 448 448 448-200.6 448-448S759.4 64 512 64zm0 820c-205.4 0-372-166.6-372-372s166.6-372 372-372 372 166.6 372 372-166.6 372-372 372z"
                  fill="#1890ff"
                />
                <path
                  d="M512 140c-205.4 0-372 166.6-372 372s166.6 372 372 372 372-166.6 372-372-166.6-372-372-372zm164.1 378.2L457.7 677.1a8.02 8.02 0 01-12.7-6.5V353a8 8 0 0112.7-6.5l218.4 158.8a7.9 7.9 0 010 12.9z"
                  fill="#e6f7ff"
                />
                <path
                  d="M676.1 505.3L457.7 346.5A8 8 0 00445 353v317.6a8.02 8.02 0 0012.7 6.5l218.4-158.9a7.9 7.9 0 000-12.9z"
                  fill="#1890ff"
                />
              </svg>
            </span>
            <span>
              Play
            </span>
          </button>
          <button
            class="ant-btn ant-btn-text ant-btn-lg SongCard__ControlButton-sc-163fh4j-2 dcxDWV"
            data-testid="stop-btn"
            disabled=""
            type="button"
          >
            <span
              aria-label="stop"
              class="anticon anticon-stop"
              role="img"
              style="font-size: 18px;"
            >
              <svg
                aria-hidden="true"
                data-icon="stop"
                fill="currentColor"
                focusable="false"
                height="1em"
                viewBox="64 64 896 896"
                width="1em"
              >
                <path
                  d="M512 64C264.6 64 64 264.6 64 512s200.6 448 448 448 448-200.6 448-448S759.4 64 512 64zm288.5 682.8L277.7 224C258 240 240 258 224 277.7l522.8 522.8C682.8 852.7 601 884 512 884c-205.4 0-372-166.6-372-372s166.6-372 372-372 372 166.6 372 372c0 89-31.3 170.8-83.5 234.8z"
                  fill="#1890ff"
                />
                <path
                  d="M512 140c-205.4 0-372 166.6-372 372s166.6 372 372 372c89 0 170.8-31.3 234.8-83.5L224 277.7c16-19.7 34-37.7 53.7-53.7l522.8 522.8C852.7 682.8 884 601 884 512c0-205.4-166.6-372-372-372z"
                  fill="#e6f7ff"
                />
              </svg>
            </span>
            <span>
              Stop
            </span>
          </button>
        </div>
        <div
          class="SongCard__HeaderFooter-sc-163fh4j-6 bBcspZ"
        >
          <p
            class="T__StyledText-gjlic1-0 kYcyRq SongCard__StyledPrice-sc-163fh4j-4 zUpYc"
            data-testid="no-price-tag"
          >
            no-price
          </p>
        </div>
        <audio
          data-testid="audio-element"
        />
      </div>
    </div>
  </div>
</body>
`;
