// Jest Snapshot v1, https://goo.gl/fbAQLP

exports[`<Clickable /> component tests should render and match the snapshot 1`] = `
<body>
  <div>
    <div
      class="Clickable__StyledClickable-sc-19lp5om-0 grlVIv"
      data-testid="clickable"
    >
      <p
        class="T__StyledText-gjlic1-0 kYcyRq"
        data-testid="t"
      >
        List of songs will appear below
      </p>
    </div>
  </div>
</body>
`;
